Copyright 1986-2022 Xilinx, Inc. All Rights Reserved. Copyright 2022-2025 Advanced Micro Devices, Inc. All Rights Reserved.
---------------------------------------------------------------------------------------------------------------------------------------------
| Tool Version : Vivado v.2025.2 (win64) Build 6299465 Fri Nov 14 19:35:11 GMT 2025
| Date         : Fri Oct  9 13:16:15 2026
| Host         : LAPTOP-B0MBBP7J running 64-bit major release  (build 9200)
| Command      : report_timing_summary -file C:/temp/RV32I_Single_Cycle_Core/reports/alu_timing.rpt -max_paths 10
| Design       : alu
| Device       : 7a35t-cpg236
| Speed File   : -1  PRODUCTION 1.23 2018-06-13
| Design State : Synthesized
---------------------------------------------------------------------------------------------------------------------------------------------

Timing Summary Report

------------------------------------------------------------------------------------------------
| Timer Settings
| --------------
------------------------------------------------------------------------------------------------

  Enable Multi Corner Analysis               :  Yes
  Enable Pessimism Removal                   :  Yes
  Pessimism Removal Resolution               :  Nearest Common Node
  Enable Input Delay Default Clock           :  No
  Enable Preset / Clear Arcs                 :  No
  Disable Flight Delays                      :  No
  Ignore I/O Paths                           :  No
  Timing Early Launch at Borrowing Latches   :  No
  Borrow Time for Max Delay Exceptions       :  Yes
  Merge Timing Exceptions                    :  Yes
  Inter-SLR Compensation                     :  Conservative

  Corner  Analyze    Analyze    
  Name    Max Paths  Min Paths  
  ------  ---------  ---------  
  Slow    Yes        Yes        
  Fast    Yes        Yes        


------------------------------------------------------------------------------------------------
| Report Methodology
| ------------------
------------------------------------------------------------------------------------------------

No report available as report_methodology has not been run prior. Run report_methodology on the current design for the summary of methodology violations.



check_timing report

Table of Contents
-----------------
1. checking no_clock (0)
2. checking constant_clock (0)
3. checking pulse_width_clock (0)
4. checking unconstrained_internal_endpoints (0)
5. checking no_input_delay (0)
6. checking no_output_delay (0)
7. checking multiple_clock (0)
8. checking generated_clocks (0)
9. checking loops (0)
10. checking partial_input_delay (0)
11. checking partial_output_delay (0)
12. checking latch_loops (0)

1. checking no_clock (0)
------------------------
 There are 0 register/latch pins with no clock.


2. checking constant_clock (0)
------------------------------
 There are 0 register/latch pins with constant_clock.


3. checking pulse_width_clock (0)
---------------------------------
 There are 0 register/latch pins which need pulse_width check


4. checking unconstrained_internal_endpoints (0)
------------------------------------------------
 There are 0 pins that are not constrained for maximum delay.

 There are 0 pins that are not constrained for maximum delay due to constant clock.


5. checking no_input_delay (0)
------------------------------
 There are 0 input ports with no input delay specified.

 There are 0 input ports with no input delay but user has a false path constraint.


6. checking no_output_delay (0)
-------------------------------
 There are 0 ports with no output delay specified.

 There are 0 ports with no output delay but user has a false path constraint

 There are 0 ports with no output delay but with a timing clock defined on it or propagating through it


7. checking multiple_clock (0)
------------------------------
 There are 0 register/latch pins with multiple clocks.


8. checking generated_clocks (0)
--------------------------------
 There are 0 generated clocks that are not connected to a clock source.


9. checking loops (0)
---------------------
 There are 0 combinational loops in the design.


10. checking partial_input_delay (0)
------------------------------------
 There are 0 input ports with partial input delay specified.


11. checking partial_output_delay (0)
-------------------------------------
 There are 0 ports with partial output delay specified.


12. checking latch_loops (0)
----------------------------
 There are 0 combinational latch loops in the design through latch input



------------------------------------------------------------------------------------------------
| Design Timing Summary
| ---------------------
------------------------------------------------------------------------------------------------

    WNS(ns)      TNS(ns)  TNS Failing Endpoints  TNS Total Endpoints      WHS(ns)      THS(ns)  THS Failing Endpoints  THS Total Endpoints     WPWS(ns)     TPWS(ns)  TPWS Failing Endpoints  TPWS Total Endpoints  
    -------      -------  ---------------------  -------------------      -------      -------  ---------------------  -------------------     --------     --------  ----------------------  --------------------  
     -0.645       -0.645                      1                   33        1.949        0.000                      0                   33           NA           NA                      NA                    NA  


Timing constraints are not met.


------------------------------------------------------------------------------------------------
| Clock Summary
| -------------
------------------------------------------------------------------------------------------------

Clock  Waveform(ns)       Period(ns)      Frequency(MHz)
-----  ------------       ----------      --------------
vclk   {0.000 5.000}      10.000          100.000         


------------------------------------------------------------------------------------------------
| Intra Clock Table
| -----------------
------------------------------------------------------------------------------------------------

Clock             WNS(ns)      TNS(ns)  TNS Failing Endpoints  TNS Total Endpoints      WHS(ns)      THS(ns)  THS Failing Endpoints  THS Total Endpoints     WPWS(ns)     TPWS(ns)  TPWS Failing Endpoints  TPWS Total Endpoints  
-----             -------      -------  ---------------------  -------------------      -------      -------  ---------------------  -------------------     --------     --------  ----------------------  --------------------  
vclk               -0.645       -0.645                      1                   33        1.949        0.000                      0                   33                                                                          


------------------------------------------------------------------------------------------------
| Inter Clock Table
| -----------------
------------------------------------------------------------------------------------------------

From Clock    To Clock          WNS(ns)      TNS(ns)  TNS Failing Endpoints  TNS Total Endpoints      WHS(ns)      THS(ns)  THS Failing Endpoints  THS Total Endpoints  
----------    --------          -------      -------  ---------------------  -------------------      -------      -------  ---------------------  -------------------  


------------------------------------------------------------------------------------------------
| Other Path Groups Table
| -----------------------
------------------------------------------------------------------------------------------------

Path Group    From Clock    To Clock          WNS(ns)      TNS(ns)  TNS Failing Endpoints  TNS Total Endpoints      WHS(ns)      THS(ns)  THS Failing Endpoints  THS Total Endpoints  
----------    ----------    --------          -------      -------  ---------------------  -------------------      -------      -------  ---------------------  -------------------  


------------------------------------------------------------------------------------------------
| Timing Details
| --------------
------------------------------------------------------------------------------------------------


---------------------------------------------------------------------------------------------------
From Clock:  vclk
  To Clock:  vclk

Setup :            1  Failing Endpoint ,  Worst Slack       -0.645ns,  Total Violation       -0.645ns
Hold  :            0  Failing Endpoints,  Worst Slack        1.949ns,  Total Violation        0.000ns
PW    :           NA  Failing Endpoints,  Worst Slack           NA  ,  Total Violation           NA
---------------------------------------------------------------------------------------------------


Max Delay Paths
--------------------------------------------------------------------------------------
Slack (VIOLATED) :        -0.645ns  (required time - arrival time)
  Source:                 b[1]
                            (input port clocked by vclk  {rise@0.000ns fall@5.000ns period=10.000ns})
  Destination:            zero
                            (output port clocked by vclk  {rise@0.000ns fall@5.000ns period=10.000ns})
  Path Group:             vclk
  Path Type:              Max at Slow Process Corner
  Requirement:            10.000ns  (vclk rise@10.000ns - vclk rise@0.000ns)
  Data Path Delay:        10.620ns  (logic 6.065ns (57.107%)  route 4.555ns (42.893%))
  Logic Levels:           14  (CARRY4=5 IBUF=1 LUT2=1 LUT3=1 LUT6=3 MUXF7=1 MUXF8=1 OBUF=1)
  Input Delay:            0.000ns
  Output Delay:           0.000ns
  Clock Uncertainty:      0.025ns

    Location             Delay type                Incr(ns)  Path(ns)    Netlist Resource(s)
  -------------------------------------------------------------------    -------------------
                         (clock vclk rise edge)       0.000     0.000 r  
                         ideal clock network latency
                                                      0.000     0.000    
                         input delay                  0.000     0.000    
                                                      0.000     0.000 r  b[1] (IN)
                         net (fo=0)                   0.000     0.000    b[1]
                         IBUF (Prop_ibuf_I_O)         0.923     0.923 r  b_IBUF[1]_inst/O
                         net (fo=103, unplaced)       0.800     1.722    b_IBUF[1]
                         LUT2 (Prop_lut2_I1_O)        0.124     1.846 r  result_OBUF[3]_inst_i_16/O
                         net (fo=1, unplaced)         0.000     1.846    result_OBUF[3]_inst_i_16_n_0
                         CARRY4 (Prop_carry4_S[1]_CO[3])
                                                      0.533     2.379 r  result_OBUF[3]_inst_i_10/CO[3]
                         net (fo=1, unplaced)         0.009     2.388    result_OBUF[3]_inst_i_10_n_0
                         CARRY4 (Prop_carry4_CI_CO[3])
                                                      0.117     2.505 r  result_OBUF[7]_inst_i_10/CO[3]
                         net (fo=1, unplaced)         0.000     2.505    result_OBUF[7]_inst_i_10_n_0
                         CARRY4 (Prop_carry4_CI_CO[3])
                                                      0.117     2.622 r  result_OBUF[11]_inst_i_12/CO[3]
                         net (fo=1, unplaced)         0.000     2.622    result_OBUF[11]_inst_i_12_n_0
                         CARRY4 (Prop_carry4_CI_CO[3])
                                                      0.117     2.739 r  result_OBUF[15]_inst_i_9/CO[3]
                         net (fo=1, unplaced)         0.000     2.739    result_OBUF[15]_inst_i_9_n_0
                         CARRY4 (Prop_carry4_CI_O[1])
                                                      0.337     3.076 f  result_OBUF[23]_inst_i_16/O[1]
                         net (fo=1, unplaced)         0.611     3.687    data1[17]
                         LUT3 (Prop_lut3_I0_O)        0.306     3.993 f  result_OBUF[17]_inst_i_5/O
                         net (fo=1, unplaced)         0.000     3.993    result_OBUF[17]_inst_i_5_n_0
                         MUXF7 (Prop_muxf7_I0_O)      0.241     4.234 f  result_OBUF[17]_inst_i_3/O
                         net (fo=1, unplaced)         0.000     4.234    result_OBUF[17]_inst_i_3_n_0
                         MUXF8 (Prop_muxf8_I0_O)      0.098     4.332 f  result_OBUF[17]_inst_i_2/O
                         net (fo=1, unplaced)         0.312     4.644    result_OBUF[17]_inst_i_2_n_0
                         LUT6 (Prop_lut6_I5_O)        0.319     4.963 f  result_OBUF[17]_inst_i_1/O
                         net (fo=2, unplaced)         1.122     6.085    result_OBUF[17]
                         LUT6 (Prop_lut6_I1_O)        0.124     6.209 f  zero_OBUF_inst_i_2/O
                         net (fo=1, unplaced)         0.902     7.111    zero_OBUF_inst_i_2_n_0
                         LUT6 (Prop_lut6_I0_O)        0.124     7.235 r  zero_OBUF_inst_i_1/O
                         net (fo=1, unplaced)         0.800     8.035    zero_OBUF
                         OBUF (Prop_obuf_I_O)         2.585    10.620 r  zero_OBUF_inst/O
                         net (fo=0)                   0.000    10.620    zero
                                                                      r  zero (OUT)
  -------------------------------------------------------------------    -------------------

                         (clock vclk rise edge)      10.000    10.000 r  
                         ideal clock network latency
                                                      0.000    10.000    
                         clock pessimism              0.000    10.000    
                         clock uncertainty           -0.025     9.975    
                         output delay                -0.000     9.975    
  -------------------------------------------------------------------
                         required time                          9.975    
                         arrival time                         -10.620    
  -------------------------------------------------------------------
                         slack                                 -0.645    

Slack (MET) :             1.222ns  (required time - arrival time)
  Source:                 a[3]
                            (input port clocked by vclk  {rise@0.000ns fall@5.000ns period=10.000ns})
  Destination:            result[0]
                            (output port clocked by vclk  {rise@0.000ns fall@5.000ns period=10.000ns})
  Path Group:             vclk
  Path Type:              Max at Slow Process Corner
  Requirement:            10.000ns  (vclk rise@10.000ns - vclk rise@0.000ns)
  Data Path Delay:        8.753ns  (logic 4.419ns (50.483%)  route 4.334ns (49.517%))
  Logic Levels:           7  (IBUF=1 LUT5=2 LUT6=2 MUXF7=1 OBUF=1)
  Input Delay:            0.000ns
  Output Delay:           0.000ns
  Clock Uncertainty:      0.025ns

    Location             Delay type                Incr(ns)  Path(ns)    Netlist Resource(s)
  -------------------------------------------------------------------    -------------------
                         (clock vclk rise edge)       0.000     0.000 r  
                         ideal clock network latency
                                                      0.000     0.000    
                         input delay                  0.000     0.000    
                                                      0.000     0.000 r  a[3] (IN)
                         net (fo=0)                   0.000     0.000    a[3]
                         IBUF (Prop_ibuf_I_O)         0.923     0.923 r  a_IBUF[3]_inst/O
                         net (fo=18, unplaced)        0.800     1.722    a_IBUF[3]
                         LUT6 (Prop_lut6_I5_O)        0.124     1.846 r  result_OBUF[3]_inst_i_12/O
                         net (fo=3, unplaced)         0.920     2.766    result_OBUF[3]_inst_i_12_n_0
                         LUT6 (Prop_lut6_I1_O)        0.124     2.890 r  result_OBUF[1]_inst_i_7/O
                         net (fo=2, unplaced)         0.913     3.803    result_OBUF[1]_inst_i_7_n_0
                         LUT5 (Prop_lut5_I0_O)        0.124     3.927 r  result_OBUF[0]_inst_i_4/O
                         net (fo=1, unplaced)         0.902     4.829    data6[0]
                         LUT5 (Prop_lut5_I0_O)        0.124     4.953 r  result_OBUF[0]_inst_i_2/O
                         net (fo=1, unplaced)         0.000     4.953    result_OBUF[0]_inst_i_2_n_0
                         MUXF7 (Prop_muxf7_I0_O)      0.241     5.194 r  result_OBUF[0]_inst_i_1/O
                         net (fo=2, unplaced)         0.800     5.994    result_OBUF[0]
                         OBUF (Prop_obuf_I_O)         2.759     8.753 r  result_OBUF[0]_inst/O
                         net (fo=0)                   0.000     8.753    result[0]
                                                                      r  result[0] (OUT)
  -------------------------------------------------------------------    -------------------

                         (clock vclk rise edge)      10.000    10.000 r  
                         ideal clock network latency
                                                      0.000    10.000    
                         clock pessimism              0.000    10.000    
                         clock uncertainty           -0.025     9.975    
                         output delay                -0.000     9.975    
  -------------------------------------------------------------------
                         required time                          9.975    
                         arrival time                          -8.753    
  -------------------------------------------------------------------
                         slack                                  1.222    

Slack (MET) :             1.255ns  (required time - arrival time)
  Source:                 b[1]
                            (input port clocked by vclk  {rise@0.000ns fall@5.000ns period=10.000ns})
  Destination:            result[29]
                            (output port clocked by vclk  {rise@0.000ns fall@5.000ns period=10.000ns})
  Path Group:             vclk
  Path Type:              Max at Slow Process Corner
  Requirement:            10.000ns  (vclk rise@10.000ns - vclk rise@0.000ns)
  Data Path Delay:        8.720ns  (logic 6.049ns (69.366%)  route 2.671ns (30.634%))
  Logic Levels:           14  (CARRY4=8 IBUF=1 LUT2=1 LUT3=1 LUT5=1 MUXF7=1 OBUF=1)
  Input Delay:            0.000ns
  Output Delay:           0.000ns
  Clock Uncertainty:      0.025ns

    Location             Delay type                Incr(ns)  Path(ns)    Netlist Resource(s)
  -------------------------------------------------------------------    -------------------
                         (clock vclk rise edge)       0.000     0.000 r  
                         ideal clock network latency
                                                      0.000     0.000    
                         input delay                  0.000     0.000    
                                                      0.000     0.000 r  b[1] (IN)
                         net (fo=0)                   0.000     0.000    b[1]
                         IBUF (Prop_ibuf_I_O)         0.923     0.923 r  b_IBUF[1]_inst/O
                         net (fo=103, unplaced)       0.800     1.722    b_IBUF[1]
                         LUT2 (Prop_lut2_I1_O)        0.124     1.846 r  result_OBUF[3]_inst_i_16/O
                         net (fo=1, unplaced)         0.000     1.846    result_OBUF[3]_inst_i_16_n_0
                         CARRY4 (Prop_carry4_S[1]_CO[3])
                                                      0.533     2.379 r  result_OBUF[3]_inst_i_10/CO[3]
                         net (fo=1, unplaced)         0.009     2.388    result_OBUF[3]_inst_i_10_n_0
                         CARRY4 (Prop_carry4_CI_CO[3])
                                                      0.117     2.505 r  result_OBUF[7]_inst_i_10/CO[3]
                         net (fo=1, unplaced)         0.000     2.505    result_OBUF[7]_inst_i_10_n_0
                         CARRY4 (Prop_carry4_CI_CO[3])
                                                      0.117     2.622 r  result_OBUF[11]_inst_i_12/CO[3]
                         net (fo=1, unplaced)         0.000     2.622    result_OBUF[11]_inst_i_12_n_0
                         CARRY4 (Prop_carry4_CI_CO[3])
                                                      0.117     2.739 r  result_OBUF[15]_inst_i_9/CO[3]
                         net (fo=1, unplaced)         0.000     2.739    result_OBUF[15]_inst_i_9_n_0
                         CARRY4 (Prop_carry4_CI_CO[3])
                                                      0.117     2.856 r  result_OBUF[23]_inst_i_16/CO[3]
                         net (fo=1, unplaced)         0.000     2.856    result_OBUF[23]_inst_i_16_n_0
                         CARRY4 (Prop_carry4_CI_CO[3])
                                                      0.117     2.973 r  result_OBUF[23]_inst_i_11/CO[3]
                         net (fo=1, unplaced)         0.000     2.973    result_OBUF[23]_inst_i_11_n_0
                         CARRY4 (Prop_carry4_CI_CO[3])
                                                      0.117     3.090 r  result_OBUF[27]_inst_i_11/CO[3]
                         net (fo=1, unplaced)         0.000     3.090    result_OBUF[27]_inst_i_11_n_0
                         CARRY4 (Prop_carry4_CI_O[1])
                                                      0.337     3.427 r  result_OBUF[31]_inst_i_11/O[1]
                         net (fo=1, unplaced)         0.611     4.038    data1[29]
                         LUT3 (Prop_lut3_I0_O)        0.306     4.344 r  result_OBUF[29]_inst_i_6/O
                         net (fo=1, unplaced)         0.000     4.344    result_OBUF[29]_inst_i_6_n_0
                         MUXF7 (Prop_muxf7_I0_O)      0.241     4.585 r  result_OBUF[29]_inst_i_4/O
                         net (fo=1, unplaced)         0.452     5.037    result_OBUF[29]_inst_i_4_n_0
                         LUT5 (Prop_lut5_I4_O)        0.298     5.335 r  result_OBUF[29]_inst_i_1/O
                         net (fo=2, unplaced)         0.800     6.135    result_OBUF[29]
                         OBUF (Prop_obuf_I_O)         2.585     8.720 r  result_OBUF[29]_inst/O
                         net (fo=0)                   0.000     8.720    result[29]
                                                                      r  result[29] (OUT)
  -------------------------------------------------------------------    -------------------

                         (clock vclk rise edge)      10.000    10.000 r  
                         ideal clock network latency
                                                      0.000    10.000    
                         clock pessimism              0.000    10.000    
                         clock uncertainty           -0.025     9.975    
                         output delay                -0.000     9.975    
  -------------------------------------------------------------------
                         required time                          9.975    
                         arrival time                          -8.720    
  -------------------------------------------------------------------
                         slack                                  1.255    

Slack (MET) :             1.256ns  (required time - arrival time)
  Source:                 b[1]
                            (input port clocked by vclk  {rise@0.000ns fall@5.000ns period=10.000ns})
  Destination:            result[31]
                            (output port clocked by vclk  {rise@0.000ns fall@5.000ns period=10.000ns})
  Path Group:             vclk
  Path Type:              Max at Slow Process Corner
  Requirement:            10.000ns  (vclk rise@10.000ns - vclk rise@0.000ns)
  Data Path Delay:        8.719ns  (logic 6.044ns (69.316%)  route 2.675ns (30.684%))
  Logic Levels:           14  (CARRY4=8 IBUF=1 LUT2=1 LUT3=1 LUT5=1 MUXF7=1 OBUF=1)
  Input Delay:            0.000ns
  Output Delay:           0.000ns
  Clock Uncertainty:      0.025ns

    Location             Delay type                Incr(ns)  Path(ns)    Netlist Resource(s)
  -------------------------------------------------------------------    -------------------
                         (clock vclk rise edge)       0.000     0.000 r  
                         ideal clock network latency
                                                      0.000     0.000    
                         input delay                  0.000     0.000    
                                                      0.000     0.000 r  b[1] (IN)
                         net (fo=0)                   0.000     0.000    b[1]
                         IBUF (Prop_ibuf_I_O)         0.923     0.923 r  b_IBUF[1]_inst/O
                         net (fo=103, unplaced)       0.800     1.722    b_IBUF[1]
                         LUT2 (Prop_lut2_I1_O)        0.124     1.846 r  result_OBUF[3]_inst_i_20/O
                         net (fo=1, unplaced)         0.000     1.846    result_OBUF[3]_inst_i_20_n_0
                         CARRY4 (Prop_carry4_S[1]_CO[3])
                                                      0.533     2.379 r  result_OBUF[3]_inst_i_11/CO[3]
                         net (fo=1, unplaced)         0.009     2.388    result_OBUF[3]_inst_i_11_n_0
                         CARRY4 (Prop_carry4_CI_CO[3])
                                                      0.117     2.505 r  result_OBUF[7]_inst_i_11/CO[3]
                         net (fo=1, unplaced)         0.000     2.505    result_OBUF[7]_inst_i_11_n_0
                         CARRY4 (Prop_carry4_CI_CO[3])
                                                      0.117     2.622 r  result_OBUF[11]_inst_i_13/CO[3]
                         net (fo=1, unplaced)         0.000     2.622    result_OBUF[11]_inst_i_13_n_0
                         CARRY4 (Prop_carry4_CI_CO[3])
                                                      0.117     2.739 r  result_OBUF[15]_inst_i_10/CO[3]
                         net (fo=1, unplaced)         0.000     2.739    result_OBUF[15]_inst_i_10_n_0
                         CARRY4 (Prop_carry4_CI_CO[3])
                                                      0.117     2.856 r  result_OBUF[23]_inst_i_21/CO[3]
                         net (fo=1, unplaced)         0.000     2.856    result_OBUF[23]_inst_i_21_n_0
                         CARRY4 (Prop_carry4_CI_CO[3])
                                                      0.117     2.973 r  result_OBUF[23]_inst_i_12/CO[3]
                         net (fo=1, unplaced)         0.000     2.973    result_OBUF[23]_inst_i_12_n_0
                         CARRY4 (Prop_carry4_CI_CO[3])
                                                      0.117     3.090 r  result_OBUF[27]_inst_i_12/CO[3]
                         net (fo=1, unplaced)         0.000     3.090    result_OBUF[27]_inst_i_12_n_0
                         CARRY4 (Prop_carry4_CI_O[3])
                                                      0.331     3.421 r  result_OBUF[31]_inst_i_12/O[3]
                         net (fo=1, unplaced)         0.618     4.039    data0[31]
                         LUT3 (Prop_lut3_I2_O)        0.307     4.346 r  result_OBUF[31]_inst_i_6/O
                         net (fo=1, unplaced)         0.449     4.795    result_OBUF[31]_inst_i_6_n_0
                         LUT5 (Prop_lut5_I4_O)        0.124     4.919 r  result_OBUF[31]_inst_i_2/O
                         net (fo=1, unplaced)         0.000     4.919    result_OBUF[31]_inst_i_2_n_0
                         MUXF7 (Prop_muxf7_I0_O)      0.241     5.160 r  result_OBUF[31]_inst_i_1/O
                         net (fo=2, unplaced)         0.800     5.960    result_OBUF[31]
                         OBUF (Prop_obuf_I_O)         2.759     8.719 r  result_OBUF[31]_inst/O
                         net (fo=0)                   0.000     8.719    result[31]
                                                                      r  result[31] (OUT)
  -------------------------------------------------------------------    -------------------

                         (clock vclk rise edge)      10.000    10.000 r  
                         ideal clock network latency
                                                      0.000    10.000    
                         clock pessimism              0.000    10.000    
                         clock uncertainty           -0.025     9.975    
                         output delay                -0.000     9.975    
  -------------------------------------------------------------------
                         required time                          9.975    
                         arrival time                          -8.719    
  -------------------------------------------------------------------
                         slack                                  1.256    

Slack (MET) :             1.373ns  (required time - arrival time)
  Source:                 b[1]
                            (input port clocked by vclk  {rise@0.000ns fall@5.000ns period=10.000ns})
  Destination:            result[27]
                            (output port clocked by vclk  {rise@0.000ns fall@5.000ns period=10.000ns})
  Path Group:             vclk
  Path Type:              Max at Slow Process Corner
  Requirement:            10.000ns  (vclk rise@10.000ns - vclk rise@0.000ns)
  Data Path Delay:        8.602ns  (logic 5.927ns (68.899%)  route 2.675ns (31.101%))
  Logic Levels:           13  (CARRY4=7 IBUF=1 LUT2=1 LUT3=1 LUT6=1 MUXF7=1 OBUF=1)
  Input Delay:            0.000ns
  Output Delay:           0.000ns
  Clock Uncertainty:      0.025ns

    Location             Delay type                Incr(ns)  Path(ns)    Netlist Resource(s)
  -------------------------------------------------------------------    -------------------
                         (clock vclk rise edge)       0.000     0.000 r  
                         ideal clock network latency
                                                      0.000     0.000    
                         input delay                  0.000     0.000    
                                                      0.000     0.000 r  b[1] (IN)
                         net (fo=0)                   0.000     0.000    b[1]
                         IBUF (Prop_ibuf_I_O)         0.923     0.923 r  b_IBUF[1]_inst/O
                         net (fo=103, unplaced)       0.800     1.722    b_IBUF[1]
                         LUT2 (Prop_lut2_I1_O)        0.124     1.846 r  result_OBUF[3]_inst_i_20/O
                         net (fo=1, unplaced)         0.000     1.846    result_OBUF[3]_inst_i_20_n_0
                         CARRY4 (Prop_carry4_S[1]_CO[3])
                                                      0.533     2.379 r  result_OBUF[3]_inst_i_11/CO[3]
                         net (fo=1, unplaced)         0.009     2.388    result_OBUF[3]_inst_i_11_n_0
                         CARRY4 (Prop_carry4_CI_CO[3])
                                                      0.117     2.505 r  result_OBUF[7]_inst_i_11/CO[3]
                         net (fo=1, unplaced)         0.000     2.505    result_OBUF[7]_inst_i_11_n_0
                         CARRY4 (Prop_carry4_CI_CO[3])
                                                      0.117     2.622 r  result_OBUF[11]_inst_i_13/CO[3]
                         net (fo=1, unplaced)         0.000     2.622    result_OBUF[11]_inst_i_13_n_0
                         CARRY4 (Prop_carry4_CI_CO[3])
                                                      0.117     2.739 r  result_OBUF[15]_inst_i_10/CO[3]
                         net (fo=1, unplaced)         0.000     2.739    result_OBUF[15]_inst_i_10_n_0
                         CARRY4 (Prop_carry4_CI_CO[3])
                                                      0.117     2.856 r  result_OBUF[23]_inst_i_21/CO[3]
                         net (fo=1, unplaced)         0.000     2.856    result_OBUF[23]_inst_i_21_n_0
                         CARRY4 (Prop_carry4_CI_CO[3])
                                                      0.117     2.973 r  result_OBUF[23]_inst_i_12/CO[3]
                         net (fo=1, unplaced)         0.000     2.973    result_OBUF[23]_inst_i_12_n_0
                         CARRY4 (Prop_carry4_CI_O[3])
                                                      0.331     3.304 r  result_OBUF[27]_inst_i_12/O[3]
                         net (fo=1, unplaced)         0.618     3.922    data0[27]
                         LUT3 (Prop_lut3_I2_O)        0.307     4.229 r  result_OBUF[27]_inst_i_7/O
                         net (fo=1, unplaced)         0.449     4.678    result_OBUF[27]_inst_i_7_n_0
                         LUT6 (Prop_lut6_I5_O)        0.124     4.802 r  result_OBUF[27]_inst_i_2/O
                         net (fo=1, unplaced)         0.000     4.802    result_OBUF[27]_inst_i_2_n_0
                         MUXF7 (Prop_muxf7_I0_O)      0.241     5.043 r  result_OBUF[27]_inst_i_1/O
                         net (fo=2, unplaced)         0.800     5.843    result_OBUF[27]
                         OBUF (Prop_obuf_I_O)         2.759     8.602 r  result_OBUF[27]_inst/O
                         net (fo=0)                   0.000     8.602    result[27]
                                                                      r  result[27] (OUT)
  -------------------------------------------------------------------    -------------------

                         (clock vclk rise edge)      10.000    10.000 r  
                         ideal clock network latency
                                                      0.000    10.000    
                         clock pessimism              0.000    10.000    
                         clock uncertainty           -0.025     9.975    
                         output delay                -0.000     9.975    
  -------------------------------------------------------------------
                         required time                          9.975    
                         arrival time                          -8.602    
  -------------------------------------------------------------------
                         slack                                  1.373    

Slack (MET) :             1.375ns  (required time - arrival time)
  Source:                 b[1]
                            (input port clocked by vclk  {rise@0.000ns fall@5.000ns period=10.000ns})
  Destination:            result[25]
                            (output port clocked by vclk  {rise@0.000ns fall@5.000ns period=10.000ns})
  Path Group:             vclk
  Path Type:              Max at Slow Process Corner
  Requirement:            10.000ns  (vclk rise@10.000ns - vclk rise@0.000ns)
  Data Path Delay:        8.600ns  (logic 5.932ns (68.973%)  route 2.668ns (31.027%))
  Logic Levels:           13  (CARRY4=7 IBUF=1 LUT2=1 LUT3=1 LUT6=1 MUXF7=1 OBUF=1)
  Input Delay:            0.000ns
  Output Delay:           0.000ns
  Clock Uncertainty:      0.025ns

    Location             Delay type                Incr(ns)  Path(ns)    Netlist Resource(s)
  -------------------------------------------------------------------    -------------------
                         (clock vclk rise edge)       0.000     0.000 r  
                         ideal clock network latency
                                                      0.000     0.000    
                         input delay                  0.000     0.000    
                                                      0.000     0.000 r  b[1] (IN)
                         net (fo=0)                   0.000     0.000    b[1]
                         IBUF (Prop_ibuf_I_O)         0.923     0.923 r  b_IBUF[1]_inst/O
                         net (fo=103, unplaced)       0.800     1.722    b_IBUF[1]
                         LUT2 (Prop_lut2_I1_O)        0.124     1.846 r  result_OBUF[3]_inst_i_16/O
                         net (fo=1, unplaced)         0.000     1.846    result_OBUF[3]_inst_i_16_n_0
                         CARRY4 (Prop_carry4_S[1]_CO[3])
                                                      0.533     2.379 r  result_OBUF[3]_inst_i_10/CO[3]
                         net (fo=1, unplaced)         0.009     2.388    result_OBUF[3]_inst_i_10_n_0
                         CARRY4 (Prop_carry4_CI_CO[3])
                                                      0.117     2.505 r  result_OBUF[7]_inst_i_10/CO[3]
                         net (fo=1, unplaced)         0.000     2.505    result_OBUF[7]_inst_i_10_n_0
                         CARRY4 (Prop_carry4_CI_CO[3])
                                                      0.117     2.622 r  result_OBUF[11]_inst_i_12/CO[3]
                         net (fo=1, unplaced)         0.000     2.622    result_OBUF[11]_inst_i_12_n_0
                         CARRY4 (Prop_carry4_CI_CO[3])
                                                      0.117     2.739 r  result_OBUF[15]_inst_i_9/CO[3]
                         net (fo=1, unplaced)         0.000     2.739    result_OBUF[15]_inst_i_9_n_0
                         CARRY4 (Prop_carry4_CI_CO[3])
                                                      0.117     2.856 r  result_OBUF[23]_inst_i_16/CO[3]
                         net (fo=1, unplaced)         0.000     2.856    result_OBUF[23]_inst_i_16_n_0
                         CARRY4 (Prop_carry4_CI_CO[3])
                                                      0.117     2.973 r  result_OBUF[23]_inst_i_11/CO[3]
                         net (fo=1, unplaced)         0.000     2.973    result_OBUF[23]_inst_i_11_n_0
                         CARRY4 (Prop_carry4_CI_O[1])
                                                      0.337     3.310 r  result_OBUF[27]_inst_i_11/O[1]
                         net (fo=1, unplaced)         0.611     3.921    data1[25]
                         LUT3 (Prop_lut3_I0_O)        0.306     4.227 r  result_OBUF[25]_inst_i_7/O
                         net (fo=1, unplaced)         0.449     4.676    result_OBUF[25]_inst_i_7_n_0
                         LUT6 (Prop_lut6_I5_O)        0.124     4.800 r  result_OBUF[25]_inst_i_2/O
                         net (fo=1, unplaced)         0.000     4.800    result_OBUF[25]_inst_i_2_n_0
                         MUXF7 (Prop_muxf7_I0_O)      0.241     5.041 r  result_OBUF[25]_inst_i_1/O
                         net (fo=2, unplaced)         0.800     5.841    result_OBUF[25]
                         OBUF (Prop_obuf_I_O)         2.759     8.600 r  result_OBUF[25]_inst/O
                         net (fo=0)                   0.000     8.600    result[25]
                                                                      r  result[25] (OUT)
  -------------------------------------------------------------------    -------------------

                         (clock vclk rise edge)      10.000    10.000 r  
                         ideal clock network latency
                                                      0.000    10.000    
                         clock pessimism              0.000    10.000    
                         clock uncertainty           -0.025     9.975    
                         output delay                -0.000     9.975    
  -------------------------------------------------------------------
                         required time                          9.975    
                         arrival time                          -8.600    
  -------------------------------------------------------------------
                         slack                                  1.375    

Slack (MET) :             1.489ns  (required time - arrival time)
  Source:                 b[1]
                            (input port clocked by vclk  {rise@0.000ns fall@5.000ns period=10.000ns})
  Destination:            result[28]
                            (output port clocked by vclk  {rise@0.000ns fall@5.000ns period=10.000ns})
  Path Group:             vclk
  Path Type:              Max at Slow Process Corner
  Requirement:            10.000ns  (vclk rise@10.000ns - vclk rise@0.000ns)
  Data Path Delay:        8.486ns  (logic 5.959ns (70.218%)  route 2.527ns (29.782%))
  Logic Levels:           14  (CARRY4=8 IBUF=1 LUT2=1 LUT3=1 LUT6=1 MUXF7=1 OBUF=1)
  Input Delay:            0.000ns
  Output Delay:           0.000ns
  Clock Uncertainty:      0.025ns

    Location             Delay type                Incr(ns)  Path(ns)    Netlist Resource(s)
  -------------------------------------------------------------------    -------------------
                         (clock vclk rise edge)       0.000     0.000 r  
                         ideal clock network latency
                                                      0.000     0.000    
                         input delay                  0.000     0.000    
                                                      0.000     0.000 r  b[1] (IN)
                         net (fo=0)                   0.000     0.000    b[1]
                         IBUF (Prop_ibuf_I_O)         0.923     0.923 r  b_IBUF[1]_inst/O
                         net (fo=103, unplaced)       0.800     1.722    b_IBUF[1]
                         LUT2 (Prop_lut2_I1_O)        0.124     1.846 r  result_OBUF[3]_inst_i_16/O
                         net (fo=1, unplaced)         0.000     1.846    result_OBUF[3]_inst_i_16_n_0
                         CARRY4 (Prop_carry4_S[1]_CO[3])
                                                      0.533     2.379 r  result_OBUF[3]_inst_i_10/CO[3]
                         net (fo=1, unplaced)         0.009     2.388    result_OBUF[3]_inst_i_10_n_0
                         CARRY4 (Prop_carry4_CI_CO[3])
                                                      0.117     2.505 r  result_OBUF[7]_inst_i_10/CO[3]
                         net (fo=1, unplaced)         0.000     2.505    result_OBUF[7]_inst_i_10_n_0
                         CARRY4 (Prop_carry4_CI_CO[3])
                                                      0.117     2.622 r  result_OBUF[11]_inst_i_12/CO[3]
                         net (fo=1, unplaced)         0.000     2.622    result_OBUF[11]_inst_i_12_n_0
                         CARRY4 (Prop_carry4_CI_CO[3])
                                                      0.117     2.739 r  result_OBUF[15]_inst_i_9/CO[3]
                         net (fo=1, unplaced)         0.000     2.739    result_OBUF[15]_inst_i_9_n_0
                         CARRY4 (Prop_carry4_CI_CO[3])
                                                      0.117     2.856 r  result_OBUF[23]_inst_i_16/CO[3]
                         net (fo=1, unplaced)         0.000     2.856    result_OBUF[23]_inst_i_16_n_0
                         CARRY4 (Prop_carry4_CI_CO[3])
                                                      0.117     2.973 r  result_OBUF[23]_inst_i_11/CO[3]
                         net (fo=1, unplaced)         0.000     2.973    result_OBUF[23]_inst_i_11_n_0
                         CARRY4 (Prop_carry4_CI_CO[3])
                                                      0.117     3.090 r  result_OBUF[27]_inst_i_11/CO[3]
                         net (fo=1, unplaced)         0.000     3.090    result_OBUF[27]_inst_i_11_n_0
                         CARRY4 (Prop_carry4_CI_O[0])
                                                      0.232     3.322 r  result_OBUF[31]_inst_i_11/O[0]
                         net (fo=1, unplaced)         0.470     3.792    data1[28]
                         LUT3 (Prop_lut3_I0_O)        0.321     4.113 r  result_OBUF[28]_inst_i_7/O
                         net (fo=1, unplaced)         0.449     4.562    result_OBUF[28]_inst_i_7_n_0
                         LUT6 (Prop_lut6_I5_O)        0.124     4.686 r  result_OBUF[28]_inst_i_2/O
                         net (fo=1, unplaced)         0.000     4.686    result_OBUF[28]_inst_i_2_n_0
                         MUXF7 (Prop_muxf7_I0_O)      0.241     4.927 r  result_OBUF[28]_inst_i_1/O
                         net (fo=2, unplaced)         0.800     5.727    result_OBUF[28]
                         OBUF (Prop_obuf_I_O)         2.759     8.486 r  result_OBUF[28]_inst/O
                         net (fo=0)                   0.000     8.486    result[28]
                                                                      r  result[28] (OUT)
  -------------------------------------------------------------------    -------------------

                         (clock vclk rise edge)      10.000    10.000 r  
                         ideal clock network latency
                                                      0.000    10.000    
                         clock pessimism              0.000    10.000    
                         clock uncertainty           -0.025     9.975    
                         output delay                -0.000     9.975    
  -------------------------------------------------------------------
                         required time                          9.975    
                         arrival time                          -8.486    
  -------------------------------------------------------------------
                         slack                                  1.489    

Slack (MET) :             1.490ns  (required time - arrival time)
  Source:                 b[1]
                            (input port clocked by vclk  {rise@0.000ns fall@5.000ns period=10.000ns})
  Destination:            result[23]
                            (output port clocked by vclk  {rise@0.000ns fall@5.000ns period=10.000ns})
  Path Group:             vclk
  Path Type:              Max at Slow Process Corner
  Requirement:            10.000ns  (vclk rise@10.000ns - vclk rise@0.000ns)
  Data Path Delay:        8.485ns  (logic 5.810ns (68.470%)  route 2.675ns (31.530%))
  Logic Levels:           12  (CARRY4=6 IBUF=1 LUT2=1 LUT3=1 LUT6=1 MUXF7=1 OBUF=1)
  Input Delay:            0.000ns
  Output Delay:           0.000ns
  Clock Uncertainty:      0.025ns

    Location             Delay type                Incr(ns)  Path(ns)    Netlist Resource(s)
  -------------------------------------------------------------------    -------------------
                         (clock vclk rise edge)       0.000     0.000 r  
                         ideal clock network latency
                                                      0.000     0.000    
                         input delay                  0.000     0.000    
                                                      0.000     0.000 r  b[1] (IN)
                         net (fo=0)                   0.000     0.000    b[1]
                         IBUF (Prop_ibuf_I_O)         0.923     0.923 r  b_IBUF[1]_inst/O
                         net (fo=103, unplaced)       0.800     1.722    b_IBUF[1]
                         LUT2 (Prop_lut2_I1_O)        0.124     1.846 r  result_OBUF[3]_inst_i_20/O
                         net (fo=1, unplaced)         0.000     1.846    result_OBUF[3]_inst_i_20_n_0
                         CARRY4 (Prop_carry4_S[1]_CO[3])
                                                      0.533     2.379 r  result_OBUF[3]_inst_i_11/CO[3]
                         net (fo=1, unplaced)         0.009     2.388    result_OBUF[3]_inst_i_11_n_0
                         CARRY4 (Prop_carry4_CI_CO[3])
                                                      0.117     2.505 r  result_OBUF[7]_inst_i_11/CO[3]
                         net (fo=1, unplaced)         0.000     2.505    result_OBUF[7]_inst_i_11_n_0
                         CARRY4 (Prop_carry4_CI_CO[3])
                                                      0.117     2.622 r  result_OBUF[11]_inst_i_13/CO[3]
                         net (fo=1, unplaced)         0.000     2.622    result_OBUF[11]_inst_i_13_n_0
                         CARRY4 (Prop_carry4_CI_CO[3])
                                                      0.117     2.739 r  result_OBUF[15]_inst_i_10/CO[3]
                         net (fo=1, unplaced)         0.000     2.739    result_OBUF[15]_inst_i_10_n_0
                         CARRY4 (Prop_carry4_CI_CO[3])
                                                      0.117     2.856 r  result_OBUF[23]_inst_i_21/CO[3]
                         net (fo=1, unplaced)         0.000     2.856    result_OBUF[23]_inst_i_21_n_0
                         CARRY4 (Prop_carry4_CI_O[3])
                                                      0.331     3.187 r  result_OBUF[23]_inst_i_12/O[3]
                         net (fo=1, unplaced)         0.618     3.805    data0[23]
                         LUT3 (Prop_lut3_I2_O)        0.307     4.112 r  result_OBUF[23]_inst_i_7/O
                         net (fo=1, unplaced)         0.449     4.561    result_OBUF[23]_inst_i_7_n_0
                         LUT6 (Prop_lut6_I5_O)        0.124     4.685 r  result_OBUF[23]_inst_i_2/O
                         net (fo=1, unplaced)         0.000     4.685    result_OBUF[23]_inst_i_2_n_0
                         MUXF7 (Prop_muxf7_I0_O)      0.241     4.926 r  result_OBUF[23]_inst_i_1/O
                         net (fo=2, unplaced)         0.800     5.726    result_OBUF[23]
                         OBUF (Prop_obuf_I_O)         2.759     8.485 r  result_OBUF[23]_inst/O
                         net (fo=0)                   0.000     8.485    result[23]
                                                                      r  result[23] (OUT)
  -------------------------------------------------------------------    -------------------

                         (clock vclk rise edge)      10.000    10.000 r  
                         ideal clock network latency
                                                      0.000    10.000    
                         clock pessimism              0.000    10.000    
                         clock uncertainty           -0.025     9.975    
                         output delay                -0.000     9.975    
  -------------------------------------------------------------------
                         required time                          9.975    
                         arrival time                          -8.485    
  -------------------------------------------------------------------
                         slack                                  1.490    

Slack (MET) :             1.499ns  (required time - arrival time)
  Source:                 b[1]
                            (input port clocked by vclk  {rise@0.000ns fall@5.000ns period=10.000ns})
  Destination:            result[21]
                            (output port clocked by vclk  {rise@0.000ns fall@5.000ns period=10.000ns})
  Path Group:             vclk
  Path Type:              Max at Slow Process Corner
  Requirement:            10.000ns  (vclk rise@10.000ns - vclk rise@0.000ns)
  Data Path Delay:        8.476ns  (logic 5.934ns (70.006%)  route 2.542ns (29.994%))
  Logic Levels:           13  (CARRY4=6 IBUF=1 LUT2=1 LUT3=1 LUT6=1 MUXF7=1 MUXF8=1 OBUF=1)
  Input Delay:            0.000ns
  Output Delay:           0.000ns
  Clock Uncertainty:      0.025ns

    Location             Delay type                Incr(ns)  Path(ns)    Netlist Resource(s)
  -------------------------------------------------------------------    -------------------
                         (clock vclk rise edge)       0.000     0.000 r  
                         ideal clock network latency
                                                      0.000     0.000    
                         input delay                  0.000     0.000    
                                                      0.000     0.000 r  b[1] (IN)
                         net (fo=0)                   0.000     0.000    b[1]
                         IBUF (Prop_ibuf_I_O)         0.923     0.923 r  b_IBUF[1]_inst/O
                         net (fo=103, unplaced)       0.800     1.722    b_IBUF[1]
                         LUT2 (Prop_lut2_I1_O)        0.124     1.846 r  result_OBUF[3]_inst_i_16/O
                         net (fo=1, unplaced)         0.000     1.846    result_OBUF[3]_inst_i_16_n_0
                         CARRY4 (Prop_carry4_S[1]_CO[3])
                                                      0.533     2.379 r  result_OBUF[3]_inst_i_10/CO[3]
                         net (fo=1, unplaced)         0.009     2.388    result_OBUF[3]_inst_i_10_n_0
                         CARRY4 (Prop_carry4_CI_CO[3])
                                                      0.117     2.505 r  result_OBUF[7]_inst_i_10/CO[3]
                         net (fo=1, unplaced)         0.000     2.505    result_OBUF[7]_inst_i_10_n_0
                         CARRY4 (Prop_carry4_CI_CO[3])
                                                      0.117     2.622 r  result_OBUF[11]_inst_i_12/CO[3]
                         net (fo=1, unplaced)         0.000     2.622    result_OBUF[11]_inst_i_12_n_0
                         CARRY4 (Prop_carry4_CI_CO[3])
                                                      0.117     2.739 r  result_OBUF[15]_inst_i_9/CO[3]
                         net (fo=1, unplaced)         0.000     2.739    result_OBUF[15]_inst_i_9_n_0
                         CARRY4 (Prop_carry4_CI_CO[3])
                                                      0.117     2.856 r  result_OBUF[23]_inst_i_16/CO[3]
                         net (fo=1, unplaced)         0.000     2.856    result_OBUF[23]_inst_i_16_n_0
                         CARRY4 (Prop_carry4_CI_O[1])
                                                      0.337     3.193 r  result_OBUF[23]_inst_i_11/O[1]
                         net (fo=1, unplaced)         0.611     3.804    data1[21]
                         LUT3 (Prop_lut3_I0_O)        0.306     4.110 r  result_OBUF[21]_inst_i_5/O
                         net (fo=1, unplaced)         0.000     4.110    result_OBUF[21]_inst_i_5_n_0
                         MUXF7 (Prop_muxf7_I0_O)      0.241     4.351 r  result_OBUF[21]_inst_i_3/O
                         net (fo=1, unplaced)         0.000     4.351    result_OBUF[21]_inst_i_3_n_0
                         MUXF8 (Prop_muxf8_I0_O)      0.098     4.449 r  result_OBUF[21]_inst_i_2/O
                         net (fo=2, unplaced)         0.323     4.772    result_OBUF[21]_inst_i_2_n_0
                         LUT6 (Prop_lut6_I5_O)        0.319     5.091 r  result_OBUF[21]_inst_i_1/O
                         net (fo=1, unplaced)         0.800     5.891    result_OBUF[21]
                         OBUF (Prop_obuf_I_O)         2.585     8.476 r  result_OBUF[21]_inst/O
                         net (fo=0)                   0.000     8.476    result[21]
                                                                      r  result[21] (OUT)
  -------------------------------------------------------------------    -------------------

                         (clock vclk rise edge)      10.000    10.000 r  
                         ideal clock network latency
                                                      0.000    10.000    
                         clock pessimism              0.000    10.000    
                         clock uncertainty           -0.025     9.975    
                         output delay                -0.000     9.975    
  -------------------------------------------------------------------
                         required time                          9.975    
                         arrival time                          -8.476    
  -------------------------------------------------------------------
                         slack                                  1.499    

Slack (MET) :             1.500ns  (required time - arrival time)
  Source:                 b[1]
                            (input port clocked by vclk  {rise@0.000ns fall@5.000ns period=10.000ns})
  Destination:            result[30]
                            (output port clocked by vclk  {rise@0.000ns fall@5.000ns period=10.000ns})
  Path Group:             vclk
  Path Type:              Max at Slow Process Corner
  Requirement:            10.000ns  (vclk rise@10.000ns - vclk rise@0.000ns)
  Data Path Delay:        8.475ns  (logic 5.963ns (70.356%)  route 2.512ns (29.644%))
  Logic Levels:           14  (CARRY4=8 IBUF=1 LUT2=1 LUT3=1 LUT5=1 MUXF7=1 OBUF=1)
  Input Delay:            0.000ns
  Output Delay:           0.000ns
  Clock Uncertainty:      0.025ns

    Location             Delay type                Incr(ns)  Path(ns)    Netlist Resource(s)
  -------------------------------------------------------------------    -------------------
                         (clock vclk rise edge)       0.000     0.000 r  
                         ideal clock network latency
                                                      0.000     0.000    
                         input delay                  0.000     0.000    
                                                      0.000     0.000 r  b[1] (IN)
                         net (fo=0)                   0.000     0.000    b[1]
                         IBUF (Prop_ibuf_I_O)         0.923     0.923 r  b_IBUF[1]_inst/O
                         net (fo=103, unplaced)       0.800     1.722    b_IBUF[1]
                         LUT2 (Prop_lut2_I1_O)        0.124     1.846 r  result_OBUF[3]_inst_i_20/O
                         net (fo=1, unplaced)         0.000     1.846    result_OBUF[3]_inst_i_20_n_0
                         CARRY4 (Prop_carry4_S[1]_CO[3])
                                                      0.533     2.379 r  result_OBUF[3]_inst_i_11/CO[3]
                         net (fo=1, unplaced)         0.009     2.388    result_OBUF[3]_inst_i_11_n_0
                         CARRY4 (Prop_carry4_CI_CO[3])
                                                      0.117     2.505 r  result_OBUF[7]_inst_i_11/CO[3]
                         net (fo=1, unplaced)         0.000     2.505    result_OBUF[7]_inst_i_11_n_0
                         CARRY4 (Prop_carry4_CI_CO[3])
                                                      0.117     2.622 r  result_OBUF[11]_inst_i_13/CO[3]
                         net (fo=1, unplaced)         0.000     2.622    result_OBUF[11]_inst_i_13_n_0
                         CARRY4 (Prop_carry4_CI_CO[3])
                                                      0.117     2.739 r  result_OBUF[15]_inst_i_10/CO[3]
                         net (fo=1, unplaced)         0.000     2.739    result_OBUF[15]_inst_i_10_n_0
                         CARRY4 (Prop_carry4_CI_CO[3])
                                                      0.117     2.856 r  result_OBUF[23]_inst_i_21/CO[3]
                         net (fo=1, unplaced)         0.000     2.856    result_OBUF[23]_inst_i_21_n_0
                         CARRY4 (Prop_carry4_CI_CO[3])
                                                      0.117     2.973 r  result_OBUF[23]_inst_i_12/CO[3]
                         net (fo=1, unplaced)         0.000     2.973    result_OBUF[23]_inst_i_12_n_0
                         CARRY4 (Prop_carry4_CI_CO[3])
                                                      0.117     3.090 r  result_OBUF[27]_inst_i_12/CO[3]
                         net (fo=1, unplaced)         0.000     3.090    result_OBUF[27]_inst_i_12_n_0
                         CARRY4 (Prop_carry4_CI_O[2])
                                                      0.256     3.346 r  result_OBUF[31]_inst_i_12/O[2]
                         net (fo=1, unplaced)         0.452     3.798    data0[30]
                         LUT3 (Prop_lut3_I2_O)        0.301     4.099 r  result_OBUF[30]_inst_i_6/O
                         net (fo=1, unplaced)         0.000     4.099    result_OBUF[30]_inst_i_6_n_0
                         MUXF7 (Prop_muxf7_I0_O)      0.241     4.340 r  result_OBUF[30]_inst_i_4/O
                         net (fo=1, unplaced)         0.452     4.792    result_OBUF[30]_inst_i_4_n_0
                         LUT5 (Prop_lut5_I4_O)        0.298     5.090 r  result_OBUF[30]_inst_i_1/O
                         net (fo=2, unplaced)         0.800     5.890    result_OBUF[30]
                         OBUF (Prop_obuf_I_O)         2.585     8.475 r  result_OBUF[30]_inst/O
                         net (fo=0)                   0.000     8.475    result[30]
                                                                      r  result[30] (OUT)
  -------------------------------------------------------------------    -------------------

                         (clock vclk rise edge)      10.000    10.000 r  
                         ideal clock network latency
                                                      0.000    10.000    
                         clock pessimism              0.000    10.000    
                         clock uncertainty           -0.025     9.975    
                         output delay                -0.000     9.975    
  -------------------------------------------------------------------
                         required time                          9.975    
                         arrival time                          -8.475    
  -------------------------------------------------------------------
                         slack                                  1.500    





Min Delay Paths
--------------------------------------------------------------------------------------
Slack (MET) :             1.949ns  (arrival time - required time)
  Source:                 alu_op[3]
                            (input port clocked by vclk  {rise@0.000ns fall@5.000ns period=10.000ns})
  Destination:            result[12]
                            (output port clocked by vclk  {rise@0.000ns fall@5.000ns period=10.000ns})
  Path Group:             vclk
  Path Type:              Min at Fast Process Corner
  Requirement:            0.000ns  (vclk rise@0.000ns - vclk rise@0.000ns)
  Data Path Delay:        1.974ns  (logic 1.300ns (65.842%)  route 0.674ns (34.158%))
  Logic Levels:           3  (IBUF=1 LUT6=1 OBUF=1)
  Input Delay:            0.000ns
  Output Delay:           0.000ns
  Clock Uncertainty:      0.025ns

    Location             Delay type                Incr(ns)  Path(ns)    Netlist Resource(s)
  -------------------------------------------------------------------    -------------------
                         (clock vclk rise edge)       0.000     0.000 r  
                         ideal clock network latency
                                                      0.000     0.000    
                         input delay                  0.000     0.000    
                                                      0.000     0.000 r  alu_op[3] (IN)
                         net (fo=0)                   0.000     0.000    alu_op[3]
                         IBUF (Prop_ibuf_I_O)         0.152     0.152 r  alu_op_IBUF[3]_inst/O
                         net (fo=36, unplaced)        0.337     0.489    alu_op_IBUF[3]
                         LUT6 (Prop_lut6_I4_O)        0.045     0.534 r  result_OBUF[12]_inst_i_1/O
                         net (fo=1, unplaced)         0.337     0.871    result_OBUF[12]
                         OBUF (Prop_obuf_I_O)         1.103     1.974 r  result_OBUF[12]_inst/O
                         net (fo=0)                   0.000     1.974    result[12]
                                                                      r  result[12] (OUT)
  -------------------------------------------------------------------    -------------------

                         (clock vclk rise edge)       0.000     0.000 r  
                         ideal clock network latency
                                                      0.000     0.000    
                         clock pessimism              0.000     0.000    
                         clock uncertainty            0.025     0.025    
                         output delay                -0.000     0.025    
  -------------------------------------------------------------------
                         required time                         -0.025    
                         arrival time                           1.974    
  -------------------------------------------------------------------
                         slack                                  1.949    

Slack (MET) :             1.949ns  (arrival time - required time)
  Source:                 alu_op[3]
                            (input port clocked by vclk  {rise@0.000ns fall@5.000ns period=10.000ns})
  Destination:            result[13]
                            (output port clocked by vclk  {rise@0.000ns fall@5.000ns period=10.000ns})
  Path Group:             vclk
  Path Type:              Min at Fast Process Corner
  Requirement:            0.000ns  (vclk rise@0.000ns - vclk rise@0.000ns)
  Data Path Delay:        1.974ns  (logic 1.300ns (65.842%)  route 0.674ns (34.158%))
  Logic Levels:           3  (IBUF=1 LUT6=1 OBUF=1)
  Input Delay:            0.000ns
  Output Delay:           0.000ns
  Clock Uncertainty:      0.025ns

    Location             Delay type                Incr(ns)  Path(ns)    Netlist Resource(s)
  -------------------------------------------------------------------    -------------------
                         (clock vclk rise edge)       0.000     0.000 r  
                         ideal clock network latency
                                                      0.000     0.000    
                         input delay                  0.000     0.000    
                                                      0.000     0.000 r  alu_op[3] (IN)
                         net (fo=0)                   0.000     0.000    alu_op[3]
                         IBUF (Prop_ibuf_I_O)         0.152     0.152 r  alu_op_IBUF[3]_inst/O
                         net (fo=36, unplaced)        0.337     0.489    alu_op_IBUF[3]
                         LUT6 (Prop_lut6_I4_O)        0.045     0.534 r  result_OBUF[13]_inst_i_1/O
                         net (fo=1, unplaced)         0.337     0.871    result_OBUF[13]
                         OBUF (Prop_obuf_I_O)         1.103     1.974 r  result_OBUF[13]_inst/O
                         net (fo=0)                   0.000     1.974    result[13]
                                                                      r  result[13] (OUT)
  -------------------------------------------------------------------    -------------------

                         (clock vclk rise edge)       0.000     0.000 r  
                         ideal clock network latency
                                                      0.000     0.000    
                         clock pessimism              0.000     0.000    
                         clock uncertainty            0.025     0.025    
                         output delay                -0.000     0.025    
  -------------------------------------------------------------------
                         required time                         -0.025    
                         arrival time                           1.974    
  -------------------------------------------------------------------
                         slack                                  1.949    

Slack (MET) :             1.949ns  (arrival time - required time)
  Source:                 alu_op[3]
                            (input port clocked by vclk  {rise@0.000ns fall@5.000ns period=10.000ns})
  Destination:            result[14]
                            (output port clocked by vclk  {rise@0.000ns fall@5.000ns period=10.000ns})
  Path Group:             vclk
  Path Type:              Min at Fast Process Corner
  Requirement:            0.000ns  (vclk rise@0.000ns - vclk rise@0.000ns)
  Data Path Delay:        1.974ns  (logic 1.300ns (65.842%)  route 0.674ns (34.158%))
  Logic Levels:           3  (IBUF=1 LUT6=1 OBUF=1)
  Input Delay:            0.000ns
  Output Delay:           0.000ns
  Clock Uncertainty:      0.025ns

    Location             Delay type                Incr(ns)  Path(ns)    Netlist Resource(s)
  -------------------------------------------------------------------    -------------------
                         (clock vclk rise edge)       0.000     0.000 r  
                         ideal clock network latency
                                                      0.000     0.000    
                         input delay                  0.000     0.000    
                                                      0.000     0.000 r  alu_op[3] (IN)
                         net (fo=0)                   0.000     0.000    alu_op[3]
                         IBUF (Prop_ibuf_I_O)         0.152     0.152 r  alu_op_IBUF[3]_inst/O
                         net (fo=36, unplaced)        0.337     0.489    alu_op_IBUF[3]
                         LUT6 (Prop_lut6_I4_O)        0.045     0.534 r  result_OBUF[14]_inst_i_1/O
                         net (fo=1, unplaced)         0.337     0.871    result_OBUF[14]
                         OBUF (Prop_obuf_I_O)         1.103     1.974 r  result_OBUF[14]_inst/O
                         net (fo=0)                   0.000     1.974    result[14]
                                                                      r  result[14] (OUT)
  -------------------------------------------------------------------    -------------------

                         (clock vclk rise edge)       0.000     0.000 r  
                         ideal clock network latency
                                                      0.000     0.000    
                         clock pessimism              0.000     0.000    
                         clock uncertainty            0.025     0.025    
                         output delay                -0.000     0.025    
  -------------------------------------------------------------------
                         required time                         -0.025    
                         arrival time                           1.974    
  -------------------------------------------------------------------
                         slack                                  1.949    

Slack (MET) :             1.949ns  (arrival time - required time)
  Source:                 alu_op[3]
                            (input port clocked by vclk  {rise@0.000ns fall@5.000ns period=10.000ns})
  Destination:            result[15]
                            (output port clocked by vclk  {rise@0.000ns fall@5.000ns period=10.000ns})
  Path Group:             vclk
  Path Type:              Min at Fast Process Corner
  Requirement:            0.000ns  (vclk rise@0.000ns - vclk rise@0.000ns)
  Data Path Delay:        1.974ns  (logic 1.300ns (65.842%)  route 0.674ns (34.158%))
  Logic Levels:           3  (IBUF=1 LUT6=1 OBUF=1)
  Input Delay:            0.000ns
  Output Delay:           0.000ns
  Clock Uncertainty:      0.025ns

    Location             Delay type                Incr(ns)  Path(ns)    Netlist Resource(s)
  -------------------------------------------------------------------    -------------------
                         (clock vclk rise edge)       0.000     0.000 r  
                         ideal clock network latency
                                                      0.000     0.000    
                         input delay                  0.000     0.000    
                                                      0.000     0.000 r  alu_op[3] (IN)
                         net (fo=0)                   0.000     0.000    alu_op[3]
                         IBUF (Prop_ibuf_I_O)         0.152     0.152 r  alu_op_IBUF[3]_inst/O
                         net (fo=36, unplaced)        0.337     0.489    alu_op_IBUF[3]
                         LUT6 (Prop_lut6_I4_O)        0.045     0.534 r  result_OBUF[15]_inst_i_1/O
                         net (fo=1, unplaced)         0.337     0.871    result_OBUF[15]
                         OBUF (Prop_obuf_I_O)         1.103     1.974 r  result_OBUF[15]_inst/O
                         net (fo=0)                   0.000     1.974    result[15]
                                                                      r  result[15] (OUT)
  -------------------------------------------------------------------    -------------------

                         (clock vclk rise edge)       0.000     0.000 r  
                         ideal clock network latency
                                                      0.000     0.000    
                         clock pessimism              0.000     0.000    
                         clock uncertainty            0.025     0.025    
                         output delay                -0.000     0.025    
  -------------------------------------------------------------------
                         required time                         -0.025    
                         arrival time                           1.974    
  -------------------------------------------------------------------
                         slack                                  1.949    

Slack (MET) :             1.949ns  (arrival time - required time)
  Source:                 alu_op[3]
                            (input port clocked by vclk  {rise@0.000ns fall@5.000ns period=10.000ns})
  Destination:            result[16]
                            (output port clocked by vclk  {rise@0.000ns fall@5.000ns period=10.000ns})
  Path Group:             vclk
  Path Type:              Min at Fast Process Corner
  Requirement:            0.000ns  (vclk rise@0.000ns - vclk rise@0.000ns)
  Data Path Delay:        1.974ns  (logic 1.300ns (65.842%)  route 0.674ns (34.158%))
  Logic Levels:           3  (IBUF=1 LUT6=1 OBUF=1)
  Input Delay:            0.000ns
  Output Delay:           0.000ns
  Clock Uncertainty:      0.025ns

    Location             Delay type                Incr(ns)  Path(ns)    Netlist Resource(s)
  -------------------------------------------------------------------    -------------------
                         (clock vclk rise edge)       0.000     0.000 r  
                         ideal clock network latency
                                                      0.000     0.000    
                         input delay                  0.000     0.000    
                                                      0.000     0.000 r  alu_op[3] (IN)
                         net (fo=0)                   0.000     0.000    alu_op[3]
                         IBUF (Prop_ibuf_I_O)         0.152     0.152 r  alu_op_IBUF[3]_inst/O
                         net (fo=36, unplaced)        0.337     0.489    alu_op_IBUF[3]
                         LUT6 (Prop_lut6_I4_O)        0.045     0.534 r  result_OBUF[16]_inst_i_1/O
                         net (fo=2, unplaced)         0.337     0.871    result_OBUF[16]
                         OBUF (Prop_obuf_I_O)         1.103     1.974 r  result_OBUF[16]_inst/O
                         net (fo=0)                   0.000     1.974    result[16]
                                                                      r  result[16] (OUT)
  -------------------------------------------------------------------    -------------------

                         (clock vclk rise edge)       0.000     0.000 r  
                         ideal clock network latency
                                                      0.000     0.000    
                         clock pessimism              0.000     0.000    
                         clock uncertainty            0.025     0.025    
                         output delay                -0.000     0.025    
  -------------------------------------------------------------------
                         required time                         -0.025    
                         arrival time                           1.974    
  -------------------------------------------------------------------
                         slack                                  1.949    

Slack (MET) :             1.949ns  (arrival time - required time)
  Source:                 alu_op[3]
                            (input port clocked by vclk  {rise@0.000ns fall@5.000ns period=10.000ns})
  Destination:            result[17]
                            (output port clocked by vclk  {rise@0.000ns fall@5.000ns period=10.000ns})
  Path Group:             vclk
  Path Type:              Min at Fast Process Corner
  Requirement:            0.000ns  (vclk rise@0.000ns - vclk rise@0.000ns)
  Data Path Delay:        1.974ns  (logic 1.300ns (65.842%)  route 0.674ns (34.158%))
  Logic Levels:           3  (IBUF=1 LUT6=1 OBUF=1)
  Input Delay:            0.000ns
  Output Delay:           0.000ns
  Clock Uncertainty:      0.025ns

    Location             Delay type                Incr(ns)  Path(ns)    Netlist Resource(s)
  -------------------------------------------------------------------    -------------------
                         (clock vclk rise edge)       0.000     0.000 r  
                         ideal clock network latency
                                                      0.000     0.000    
                         input delay                  0.000     0.000    
                                                      0.000     0.000 r  alu_op[3] (IN)
                         net (fo=0)                   0.000     0.000    alu_op[3]
                         IBUF (Prop_ibuf_I_O)         0.152     0.152 r  alu_op_IBUF[3]_inst/O
                         net (fo=36, unplaced)        0.337     0.489    alu_op_IBUF[3]
                         LUT6 (Prop_lut6_I4_O)        0.045     0.534 r  result_OBUF[17]_inst_i_1/O
                         net (fo=2, unplaced)         0.337     0.871    result_OBUF[17]
                         OBUF (Prop_obuf_I_O)         1.103     1.974 r  result_OBUF[17]_inst/O
                         net (fo=0)                   0.000     1.974    result[17]
                                                                      r  result[17] (OUT)
  -------------------------------------------------------------------    -------------------

                         (clock vclk rise edge)       0.000     0.000 r  
                         ideal clock network latency
                                                      0.000     0.000    
                         clock pessimism              0.000     0.000    
                         clock uncertainty            0.025     0.025    
                         output delay                -0.000     0.025    
  -------------------------------------------------------------------
                         required time                         -0.025    
                         arrival time                           1.974    
  -------------------------------------------------------------------
                         slack                                  1.949    

Slack (MET) :             1.949ns  (arrival time - required time)
  Source:                 alu_op[3]
                            (input port clocked by vclk  {rise@0.000ns fall@5.000ns period=10.000ns})
  Destination:            result[18]
                            (output port clocked by vclk  {rise@0.000ns fall@5.000ns period=10.000ns})
  Path Group:             vclk
  Path Type:              Min at Fast Process Corner
  Requirement:            0.000ns  (vclk rise@0.000ns - vclk rise@0.000ns)
  Data Path Delay:        1.974ns  (logic 1.300ns (65.842%)  route 0.674ns (34.158%))
  Logic Levels:           3  (IBUF=1 LUT6=1 OBUF=1)
  Input Delay:            0.000ns
  Output Delay:           0.000ns
  Clock Uncertainty:      0.025ns

    Location             Delay type                Incr(ns)  Path(ns)    Netlist Resource(s)
  -------------------------------------------------------------------    -------------------
                         (clock vclk rise edge)       0.000     0.000 r  
                         ideal clock network latency
                                                      0.000     0.000    
                         input delay                  0.000     0.000    
                                                      0.000     0.000 r  alu_op[3] (IN)
                         net (fo=0)                   0.000     0.000    alu_op[3]
                         IBUF (Prop_ibuf_I_O)         0.152     0.152 r  alu_op_IBUF[3]_inst/O
                         net (fo=36, unplaced)        0.337     0.489    alu_op_IBUF[3]
                         LUT6 (Prop_lut6_I4_O)        0.045     0.534 r  result_OBUF[18]_inst_i_1/O
                         net (fo=1, unplaced)         0.337     0.871    result_OBUF[18]
                         OBUF (Prop_obuf_I_O)         1.103     1.974 r  result_OBUF[18]_inst/O
                         net (fo=0)                   0.000     1.974    result[18]
                                                                      r  result[18] (OUT)
  -------------------------------------------------------------------    -------------------

                         (clock vclk rise edge)       0.000     0.000 r  
                         ideal clock network latency
                                                      0.000     0.000    
                         clock pessimism              0.000     0.000    
                         clock uncertainty            0.025     0.025    
                         output delay                -0.000     0.025    
  -------------------------------------------------------------------
                         required time                         -0.025    
                         arrival time                           1.974    
  -------------------------------------------------------------------
                         slack                                  1.949    

Slack (MET) :             1.949ns  (arrival time - required time)
  Source:                 alu_op[3]
                            (input port clocked by vclk  {rise@0.000ns fall@5.000ns period=10.000ns})
  Destination:            result[19]
                            (output port clocked by vclk  {rise@0.000ns fall@5.000ns period=10.000ns})
  Path Group:             vclk
  Path Type:              Min at Fast Process Corner
  Requirement:            0.000ns  (vclk rise@0.000ns - vclk rise@0.000ns)
  Data Path Delay:        1.974ns  (logic 1.300ns (65.842%)  route 0.674ns (34.158%))
  Logic Levels:           3  (IBUF=1 LUT6=1 OBUF=1)
  Input Delay:            0.000ns
  Output Delay:           0.000ns
  Clock Uncertainty:      0.025ns

    Location             Delay type                Incr(ns)  Path(ns)    Netlist Resource(s)
  -------------------------------------------------------------------    -------------------
                         (clock vclk rise edge)       0.000     0.000 r  
                         ideal clock network latency
                                                      0.000     0.000    
                         input delay                  0.000     0.000    
                                                      0.000     0.000 r  alu_op[3] (IN)
                         net (fo=0)                   0.000     0.000    alu_op[3]
                         IBUF (Prop_ibuf_I_O)         0.152     0.152 r  alu_op_IBUF[3]_inst/O
                         net (fo=36, unplaced)        0.337     0.489    alu_op_IBUF[3]
                         LUT6 (Prop_lut6_I4_O)        0.045     0.534 r  result_OBUF[19]_inst_i_1/O
                         net (fo=1, unplaced)         0.337     0.871    result_OBUF[19]
                         OBUF (Prop_obuf_I_O)         1.103     1.974 r  result_OBUF[19]_inst/O
                         net (fo=0)                   0.000     1.974    result[19]
                                                                      r  result[19] (OUT)
  -------------------------------------------------------------------    -------------------

                         (clock vclk rise edge)       0.000     0.000 r  
                         ideal clock network latency
                                                      0.000     0.000    
                         clock pessimism              0.000     0.000    
                         clock uncertainty            0.025     0.025    
                         output delay                -0.000     0.025    
  -------------------------------------------------------------------
                         required time                         -0.025    
                         arrival time                           1.974    
  -------------------------------------------------------------------
                         slack                                  1.949    

Slack (MET) :             1.949ns  (arrival time - required time)
  Source:                 alu_op[3]
                            (input port clocked by vclk  {rise@0.000ns fall@5.000ns period=10.000ns})
  Destination:            result[20]
                            (output port clocked by vclk  {rise@0.000ns fall@5.000ns period=10.000ns})
  Path Group:             vclk
  Path Type:              Min at Fast Process Corner
  Requirement:            0.000ns  (vclk rise@0.000ns - vclk rise@0.000ns)
  Data Path Delay:        1.974ns  (logic 1.300ns (65.842%)  route 0.674ns (34.158%))
  Logic Levels:           3  (IBUF=1 LUT6=1 OBUF=1)
  Input Delay:            0.000ns
  Output Delay:           0.000ns
  Clock Uncertainty:      0.025ns

    Location             Delay type                Incr(ns)  Path(ns)    Netlist Resource(s)
  -------------------------------------------------------------------    -------------------
                         (clock vclk rise edge)       0.000     0.000 r  
                         ideal clock network latency
                                                      0.000     0.000    
                         input delay                  0.000     0.000    
                                                      0.000     0.000 r  alu_op[3] (IN)
                         net (fo=0)                   0.000     0.000    alu_op[3]
                         IBUF (Prop_ibuf_I_O)         0.152     0.152 r  alu_op_IBUF[3]_inst/O
                         net (fo=36, unplaced)        0.337     0.489    alu_op_IBUF[3]
                         LUT6 (Prop_lut6_I4_O)        0.045     0.534 r  result_OBUF[20]_inst_i_1/O
                         net (fo=1, unplaced)         0.337     0.871    result_OBUF[20]
                         OBUF (Prop_obuf_I_O)         1.103     1.974 r  result_OBUF[20]_inst/O
                         net (fo=0)                   0.000     1.974    result[20]
                                                                      r  result[20] (OUT)
  -------------------------------------------------------------------    -------------------

                         (clock vclk rise edge)       0.000     0.000 r  
                         ideal clock network latency
                                                      0.000     0.000    
                         clock pessimism              0.000     0.000    
                         clock uncertainty            0.025     0.025    
                         output delay                -0.000     0.025    
  -------------------------------------------------------------------
                         required time                         -0.025    
                         arrival time                           1.974    
  -------------------------------------------------------------------
                         slack                                  1.949    

Slack (MET) :             1.949ns  (arrival time - required time)
  Source:                 alu_op[3]
                            (input port clocked by vclk  {rise@0.000ns fall@5.000ns period=10.000ns})
  Destination:            result[21]
                            (output port clocked by vclk  {rise@0.000ns fall@5.000ns period=10.000ns})
  Path Group:             vclk
  Path Type:              Min at Fast Process Corner
  Requirement:            0.000ns  (vclk rise@0.000ns - vclk rise@0.000ns)
  Data Path Delay:        1.974ns  (logic 1.300ns (65.842%)  route 0.674ns (34.158%))
  Logic Levels:           3  (IBUF=1 LUT6=1 OBUF=1)
  Input Delay:            0.000ns
  Output Delay:           0.000ns
  Clock Uncertainty:      0.025ns

    Location             Delay type                Incr(ns)  Path(ns)    Netlist Resource(s)
  -------------------------------------------------------------------    -------------------
                         (clock vclk rise edge)       0.000     0.000 r  
                         ideal clock network latency
                                                      0.000     0.000    
                         input delay                  0.000     0.000    
                                                      0.000     0.000 r  alu_op[3] (IN)
                         net (fo=0)                   0.000     0.000    alu_op[3]
                         IBUF (Prop_ibuf_I_O)         0.152     0.152 r  alu_op_IBUF[3]_inst/O
                         net (fo=36, unplaced)        0.337     0.489    alu_op_IBUF[3]
                         LUT6 (Prop_lut6_I4_O)        0.045     0.534 r  result_OBUF[21]_inst_i_1/O
                         net (fo=1, unplaced)         0.337     0.871    result_OBUF[21]
                         OBUF (Prop_obuf_I_O)         1.103     1.974 r  result_OBUF[21]_inst/O
                         net (fo=0)                   0.000     1.974    result[21]
                                                                      r  result[21] (OUT)
  -------------------------------------------------------------------    -------------------

                         (clock vclk rise edge)       0.000     0.000 r  
                         ideal clock network latency
                                                      0.000     0.000    
                         clock pessimism              0.000     0.000    
                         clock uncertainty            0.025     0.025    
                         output delay                -0.000     0.025    
  -------------------------------------------------------------------
                         required time                         -0.025    
                         arrival time                           1.974    
  -------------------------------------------------------------------
                         slack                                  1.949    






